Polygon network error RemoteProtocolError (attempt 1/3) — retrying in 0.5s
Universe 40 liquid tickers × 50 sampled days; decision 12:00 ET, cost 5.0bp/side
NOTE: days are SAMPLED across 3Y for regime coverage — per-trade expectancy, not a compounded equity curve.

Long above-VWAP, RIDE TO CLOSE (no stop) — threshold sweep, net of cost:
config                         N       WR      avg%     med%      sd
--------------------------------------------------------------------
long dev>=+0.5%              421    44.2%    -0.049   -0.118    1.30
long dev>=+1.0%              164    47.0%     0.022   -0.048    1.43
long dev>=+1.5%               75    48.0%    -0.077   -0.033    1.82

Control (expect negative if momentum):
long dev<=-1.0%              105    39.0%    -0.530   -0.365    2.27

Risk-managed variant (exit on close back below VWAP), dev>=+1.0%:
config                         N       WR      avg%     med%      sd
--------------------------------------------------------------------
vwap-cross stop              164    42.7%    -0.055   -0.217    1.30

Cost sensitivity (ride to close, dev>=+1.0%):
config                         N       WR      avg%     med%      sd
--------------------------------------------------------------------
cost 0bp/side                164    53.7%     0.122    0.052    1.43
cost 5bp/side                164    47.0%     0.022   -0.048    1.43
cost 10bp/side               164    44.5%    -0.078   -0.148    1.43

Sub-period stability (ride to close, dev>=+1.0%, 5.0bp/side):
config                         N       WR      avg%     med%      sd
--------------------------------------------------------------------
early third                   53    30.2%    -0.167   -0.236    1.52
mid third                     75    53.3%     0.001    0.034    1.37
late third                    36    58.3%     0.343    0.283    1.41
EXIT=0
